// Jest Snapshot v1, https://goo.gl/fbAQLP

exports[`matches snapshot 1`] = `
<DocumentFragment>
  <form>
    <div>
      <label
        for="task"
      >
        Task:
      </label>
      <input
        id="task"
        name="task"
        placeholder="Enter a task"
        type="text"
        value=""
      />
    </div>
    <br />
    <div>
      <button>
        Add
      </button>
    </div>
  </form>
</DocumentFragment>
`;
